[gerold.vercel.app/home-9.html]
[gerold.vercel.app/img/hero/hero-9-thumb.png]
[gerold.vercel.app/img/icons/hero-9-pointer.svg]
[gerold.vercel.app/img/roll/roll-img1.png]
[gerold.vercel.app/img/roll/roll-img2.png]
[gerold.vercel.app/img/roll/roll-img3.png]
[gerold.vercel.app/img/roll/roll-img4.png]
[gerold.vercel.app/img/roll/roll-img5.png]
[gerold.vercel.app/img/roll/roll-img6.png]
[gerold.vercel.app/img/roll/roll-img7.png]
[gerold.vercel.app/img/roll/roll-img8.png]
[gerold.vercel.app/_next/static/css/515998eabf51edae.css]
[gerold.vercel.app/_next/static/css/aa5e86c846e19feb.css]
[gerold.vercel.app/_next/static/css/e32874154473cae8.css]
[gerold.vercel.app/_next/static/css/418a220860f52a1d.css]
[gerold.vercel.app/_next/static/chunks/webpack-7bcd12dfe681d4ae.js]
[gerold.vercel.app/_next/static/chunks/4bd1b696-9a68a0f25effdd72.js]
[gerold.vercel.app/_next/static/chunks/517-6971fe28f2494813.js]
[gerold.vercel.app/_next/static/chunks/main-app-a849309caff0f7ba.js]
[gerold.vercel.app/_next/static/chunks/app/layout-f284976a4a8c15d9.js]
[gerold.vercel.app/_next/static/chunks/465-e18ef2ad2541baee.js]
[gerold.vercel.app/_next/static/chunks/610-5ad4633855e4558a.js]
[gerold.vercel.app/_next/static/chunks/67-2fcbc193005c5828.js]
[gerold.vercel.app/_next/static/chunks/576-c0f6df475d988f26.js]
[gerold.vercel.app/_next/static/chunks/60-3d0804e41d3b62c0.js]
[gerold.vercel.app/_next/static/chunks/294-af9a3c57029e085e.js]
[gerold.vercel.app/_next/static/chunks/app/home-9/page-638aef6f28403057.js]
[gerold.vercel.app/img/icons/progess-9-icon1.svg]
[gerold.vercel.app/img/icons/progess-9-icon2.svg]
[gerold.vercel.app/img/icons/progess-9-icon3.svg]
[gerold.vercel.app/img/icons/progess-9-icon4.svg]
[gerold.vercel.app/img/about/about-9-thumb.jpg]
[backblue.gif]
[fade.gif]
[index.html]
[gerold.vercel.app/favicon.ico]
[gerold.vercel.app/home-9.html]
[gerold.vercel.app/img/icons/hero-9-pointer.svg]
[gerold.vercel.app/_next/static/chunks/polyfills-42372ed130431b0a.js]
[gerold.vercel.app/_next/static/media/flaticon_gerold.7fa12d02.woff2]
[gerold.vercel.app/_next/static/media/flaticon_gerold.353a48e0.woff]
[gerold.vercel.app/_next/static/media/flaticon_gerold.f37e7814.eot]
[gerold.vercel.app/_next/static/media/flaticon_gerold.0150b635.ttf]
[gerold.vercel.app/_next/static/css/515998eabf51edae.css]
[gerold.vercel.app/_next/static/media/flaticon_gerold.8dc48938.svg]
[gerold.vercel.app/_next/static/media/fa-sharp-light-300.d6be8294.woff2]
[gerold.vercel.app/_next/static/media/fa-sharp-light-300.b6d32f99.ttf]
[gerold.vercel.app/_next/static/media/fa-sharp-regular-400.1e65e8f7.woff2]
[gerold.vercel.app/_next/static/media/fa-sharp-regular-400.82c9db72.ttf]
[gerold.vercel.app/_next/static/media/fa-sharp-solid-900.ad254f59.woff2]
[gerold.vercel.app/_next/static/media/fa-sharp-solid-900.1aa82799.ttf]
[gerold.vercel.app/_next/static/media/fa-brands-400.6b36005f.woff2]
[gerold.vercel.app/_next/static/media/fa-brands-400.ed691e4a.ttf]
[gerold.vercel.app/_next/static/media/fa-duotone-900.c7247ceb.woff2]
[gerold.vercel.app/_next/static/media/fa-duotone-900.dc6376cf.ttf]
[gerold.vercel.app/_next/static/media/fa-light-300.166ed667.woff2]
[gerold.vercel.app/_next/static/media/fa-light-300.ca03786d.ttf]
[gerold.vercel.app/_next/static/media/fa-regular-400.26b3e814.woff2]
[gerold.vercel.app/_next/static/media/fa-regular-400.5c26ffb6.ttf]
[gerold.vercel.app/_next/static/media/fa-solid-900.1ff0942a.woff2]
[gerold.vercel.app/_next/static/media/fa-solid-900.60746659.ttf]
[gerold.vercel.app/_next/static/media/fa-thin-100.16a70ea4.woff2]
[gerold.vercel.app/_next/static/media/fa-thin-100.48ada6f5.ttf]
[gerold.vercel.app/_next/static/media/fa-v4compatibility.a0d2b674.woff2]
[gerold.vercel.app/_next/static/css/aa5e86c846e19feb.css]
[gerold.vercel.app/_next/static/css/e32874154473cae8.css]
[gerold.vercel.app/_next/static/media/fa-v4compatibility.cf62cc23.ttf]
[gerold.vercel.app/img/breadcrumb/breadcrumb-bg.jpg]
[gerold.vercel.app/img/hero/hero-7-bg.svg]
[gerold.vercel.app/img/shapes/cta-10-shapes.png]
[gerold.vercel.app/img/shapes/h4-cta.jpg]
[gerold.vercel.app/img/shapes/h6-hero-shapes.png]
[gerold.vercel.app/img/shapes/hero_8.svg]
[gerold.vercel.app/img/hero/mask-hero-10.png]
[gerold.vercel.app/img/icons/down-arrow.svg]
[gerold.vercel.app/img/hero/hero-9-play-bg-3.svg]
[gerold.vercel.app/img/hero/hero-9-play-bg-2.svg]
[gerold.vercel.app/img/shapes/h4-fun.jpg]
[gerold.vercel.app/_next/static/css/418a220860f52a1d.css]
[gerold.vercel.app/img/icons/progess-9-icon1.svg]
[gerold.vercel.app/img/icons/progess-9-icon2.svg]
[gerold.vercel.app/img/icons/progess-9-icon3.svg]
[gerold.vercel.app/img/icons/progess-9-icon4.svg]
[gerold.vercel.app/_next/static/media/flaticon_gerold.8dc48938.svg]
[gerold.vercel.app/img/hero/hero-7-bg.svg]
[gerold.vercel.app/img/shapes/hero_8.svg]
[gerold.vercel.app/img/shapes/hero8-shapes.svg]
[gerold.vercel.app/img/hero/hero-4-line-shape.svg]
[gerold.vercel.app/img/icons/down-arrow-light.svg]
[gerold.vercel.app/img/icons/down-arrow.svg]
[gerold.vercel.app/img/hero/hero-9-play-bg-3.svg]
[gerold.vercel.app/img/hero/hero-9-play-bg-2.svg]
[gerold.vercel.app/img/hero/hero-9-play-bg.svg]
[gerold.vercel.app/img/hero/hero-9-play-bg.svg]
